[1m[92m    Updating[0m crates.io index
[1m[92m Downloading[0m crates ...
[1m[92m  Downloaded[0m subtle v2.6.1
[1m[92m  Downloaded[0m sync_wrapper v1.0.2
[1m[92m  Downloaded[0m synstructure v0.13.2
[1m[92m  Downloaded[0m adler2 v2.0.1
[1m[92m  Downloaded[0m crossbeam-deque v0.8.6
[1m[92m  Downloaded[0m anyhow v1.0.102
[1m[92m  Downloaded[0m quote v1.0.45
[1m[92m  Downloaded[0m bytes v1.11.1
[1m[92m  Downloaded[0m atomic-waker v1.1.2
[1m[92m  Downloaded[0m want v0.3.1
[1m[92m  Downloaded[0m tower-service v0.3.3
[1m[92m  Downloaded[0m version_check v0.9.5
[1m[92m  Downloaded[0m syn v2.0.117
[1m[92m  Downloaded[0m zerotrie v0.2.4
[1m[92m  Downloaded[0m rand_chacha v0.9.0
[1m[92m  Downloaded[0m utf8_iter v1.0.4
[1m[92m  Downloaded[0m which v8.0.2
[1m[92m  Downloaded[0m colorchoice v1.0.5
[1m[92m  Downloaded[0m thiserror v2.0.18
[1m[92m  Downloaded[0m time-core v0.1.8
[1m[92m  Downloaded[0m writeable v0.6.3
[1m[92m  Downloaded[0m cpufeatures v0.2.17
[1m[92m  Downloaded[0m rand_core v0.9.5
[1m[92m  Downloaded[0m try-lock v0.2.5
[1m[92m  Downloaded[0m castaway v0.2.4
[1m[92m  Downloaded[0m yoke-derive v0.8.2
[1m[92m  Downloaded[0m rustls-native-certs v0.8.3
[1m[92m  Downloaded[0m untrusted v0.9.0
[1m[92m  Downloaded[0m utf8parse v0.2.2
[1m[92m  Downloaded[0m toml_datetime v0.6.11
[1m[92m  Downloaded[0m cfg-if v1.0.4
[1m[92m  Downloaded[0m clap_lex v1.1.0
[1m[92m  Downloaded[0m anstyle-query v1.1.5
[1m[92m  Downloaded[0m block-buffer v0.10.4
[1m[92m  Downloaded[0m tokio-macros v2.7.0
[1m[92m  Downloaded[0m foldhash v0.1.5
[1m[92m  Downloaded[0m toml_write v0.1.2
[1m[92m  Downloaded[0m rand v0.9.4
[1m[92m  Downloaded[0m serde_spanned v0.6.9
[1m[92m  Downloaded[0m tower-layer v0.3.3
[1m[92m  Downloaded[0m unicode-truncate v1.1.0
[1m[92m  Downloaded[0m utf-8 v0.7.6
[1m[92m  Downloaded[0m zerofrom-derive v0.1.7
[1m[92m  Downloaded[0m secrecy v0.10.3
[1m[92m  Downloaded[0m thiserror-impl v2.0.18
[1m[92m  Downloaded[0m thread_local v1.1.9
[1m[92m  Downloaded[0m time-macros v0.2.27
[1m[92m  Downloaded[0m tokio-tungstenite v0.26.2
[1m[92m  Downloaded[0m web-time v1.1.0
[1m[92m  Downloaded[0m zerovec-derive v0.11.3
[1m[92m  Downloaded[0m zip v2.4.2
[1m[92m  Downloaded[0m async-trait v0.1.89
[1m[92m  Downloaded[0m autocfg v1.5.0
[1m[92m  Downloaded[0m axum-core v0.5.6
[1m[92m  Downloaded[0m crossbeam-epoch v0.9.18
[1m[92m  Downloaded[0m tokio-tungstenite v0.29.0
[1m[92m  Downloaded[0m tracing-log v0.2.0
[1m[92m  Downloaded[0m zerofrom v0.1.7
[1m[92m  Downloaded[0m anstyle v1.0.14
[1m[92m  Downloaded[0m cassowary v0.3.0
[1m[92m  Downloaded[0m darling_macro v0.23.0
[1m[92m  Downloaded[0m dirs v6.0.0
[1m[92m  Downloaded[0m tinystr v0.8.3
[1m[92m  Downloaded[0m zmij v1.0.21
[1m[92m  Downloaded[0m anstyle-parse v1.0.0
[1m[92m  Downloaded[0m signal-hook-mio v0.2.5
[1m[92m  Downloaded[0m zeroize v1.8.2
[1m[92m  Downloaded[0m serde_urlencoded v0.7.1
[1m[92m  Downloaded[0m pin-project-internal v1.1.11
[1m[92m  Downloaded[0m tokio-native-tls v0.3.1
[1m[92m  Downloaded[0m tokio-stream v0.1.18
[1m[92m  Downloaded[0m yoke v0.8.2
[1m[92m  Downloaded[0m anstream v1.0.0
[1m[92m  Downloaded[0m crc32fast v1.5.0
[1m[92m  Downloaded[0m dirs v5.0.1
[1m[92m  Downloaded[0m dirs-sys v0.4.1
[1m[92m  Downloaded[0m errno v0.3.14
[1m[92m  Downloaded[0m fnv v1.0.7
[1m[92m  Downloaded[0m foreign-types v0.3.2
[1m[92m  Downloaded[0m foreign-types-shared v0.1.1
[1m[92m  Downloaded[0m futures-core v0.3.32
[1m[92m  Downloaded[0m futures-io v0.3.32
[1m[92m  Downloaded[0m futures-task v0.3.32
[1m[92m  Downloaded[0m generic-array v0.14.7
[1m[92m  Downloaded[0m heck v0.5.0
[1m[92m  Downloaded[0m instability v0.3.12
[1m[92m  Downloaded[0m scopeguard v1.2.0
[1m[92m  Downloaded[0m toml v0.8.23
[1m[92m  Downloaded[0m clap_derive v4.6.1
[1m[92m  Downloaded[0m futures-channel v0.3.32
[1m[92m  Downloaded[0m rustls-pki-types v1.14.1
[1m[92m  Downloaded[0m shlex v1.3.0
[1m[92m  Downloaded[0m sha1 v0.10.6
[1m[92m  Downloaded[0m unicode-ident v1.0.24
[1m[92m  Downloaded[0m uuid v1.23.1
[1m[92m  Downloaded[0m zopfli v0.8.3
[1m[92m  Downloaded[0m allocator-api2 v0.2.21
[1m[92m  Downloaded[0m bitflags v2.11.1
[1m[92m  Downloaded[0m native-tls v0.2.18
[1m[92m  Downloaded[0m parking_lot_core v0.9.12
[1m[92m  Downloaded[0m pin-project v1.1.11
[1m[92m  Downloaded[0m tempfile v3.27.0
[1m[92m  Downloaded[0m tracing-attributes v0.1.31
[1m[92m  Downloaded[0m tracing-core v0.1.36
[1m[92m  Downloaded[0m clap v4.6.1
[1m[92m  Downloaded[0m tungstenite v0.29.0
[1m[92m  Downloaded[0m http-body v1.0.1
[1m[92m  Downloaded[0m icu_properties v2.2.0
[1m[92m  Downloaded[0m litemap v0.8.2
[1m[92m  Downloaded[0m matchit v0.8.4
[1m[92m  Downloaded[0m stable_deref_trait v1.2.1
[1m[92m  Downloaded[0m strum v0.26.3
[1m[92m  Downloaded[0m tokio-rustls v0.26.4
[1m[92m  Downloaded[0m toml_edit v0.22.27
[1m[92m  Downloaded[0m tungstenite v0.26.2
[1m[92m  Downloaded[0m arc-swap v1.9.1
[1m[92m  Downloaded[0m compact_str v0.8.1
[1m[92m  Downloaded[0m crypto-common v0.1.7
[1m[92m  Downloaded[0m dirs-sys v0.5.0
[1m[92m  Downloaded[0m equivalent v1.0.2
[1m[92m  Downloaded[0m futures-macro v0.3.32
[1m[92m  Downloaded[0m httpdate v1.0.3
[1m[92m  Downloaded[0m hyper-tls v0.6.0
[1m[92m  Downloaded[0m pem v3.0.6
[1m[92m  Downloaded[0m form_urlencoded v1.2.2
[1m[92m  Downloaded[0m matchers v0.2.0
[1m[92m  Downloaded[0m strum_macros v0.26.4
[1m[92m  Downloaded[0m data-encoding v2.11.0
[1m[92m  Downloaded[0m bumpalo v3.20.2
[1m[92m  Downloaded[0m cc v1.2.61
[1m[92m  Downloaded[0m ident_case v1.0.1
[1m[92m  Downloaded[0m lazy_static v1.5.0
[1m[92m  Downloaded[0m lru v0.12.5
[1m[92m  Downloaded[0m num-integer v0.1.46
[1m[92m  Downloaded[0m paste v1.0.15
[1m[92m  Downloaded[0m percent-encoding v2.3.2
[1m[92m  Downloaded[0m potential_utf v0.1.5
[1m[92m  Downloaded[0m powerfmt v0.2.0
[1m[92m  Downloaded[0m rustversion v1.0.22
[1m[92m  Downloaded[0m serde_path_to_error v0.1.20
[1m[92m  Downloaded[0m signal-hook-registry v1.4.8
[1m[92m  Downloaded[0m simple_asn1 v0.6.4
[1m[92m  Downloaded[0m slab v0.4.12
[1m[92m  Downloaded[0m snafu-derive v0.8.9
[1m[92m  Downloaded[0m static_assertions v1.1.0
[1m[92m  Downloaded[0m strsim v0.11.1
[1m[92m  Downloaded[0m tower v0.5.3
[1m[92m  Downloaded[0m typenum v1.20.0
[1m[92m  Downloaded[0m unicode-segmentation v1.13.2
[1m[92m  Downloaded[0m url v2.5.8
[1m[92m  Downloaded[0m base64 v0.22.1
[1m[92m  Downloaded[0m digest v0.10.7
[1m[92m  Downloaded[0m displaydoc v0.2.5
[1m[92m  Downloaded[0m either v1.15.0
[1m[92m  Downloaded[0m fastrand v2.4.1
[1m[92m  Downloaded[0m find-msvc-tools v0.1.9
[1m[92m  Downloaded[0m futures-executor v0.3.32
[1m[92m  Downloaded[0m futures-sink v0.3.32
[1m[92m  Downloaded[0m http-body-util v0.1.3
[1m[92m  Downloaded[0m hyper-rustls v0.27.9
[1m[92m  Downloaded[0m hyper-timeout v0.5.2
[1m[92m  Downloaded[0m iana-time-zone v0.1.65
[1m[92m  Downloaded[0m icu_locale_core v2.2.0
[1m[92m  Downloaded[0m icu_normalizer v2.2.0
[1m[92m  Downloaded[0m icu_normalizer_data v2.2.0
[1m[92m  Downloaded[0m idna_adapter v1.2.2
[1m[92m  Downloaded[0m is_terminal_polyfill v1.70.2
[1m[92m  Downloaded[0m itoa v1.0.18
[1m[92m  Downloaded[0m mime v0.3.17
[1m[92m  Downloaded[0m openssl-macros v0.1.1
[1m[92m  Downloaded[0m openssl-probe v0.2.1
[1m[92m  Downloaded[0m openssl-sys v0.9.114
[1m[92m  Downloaded[0m zerovec v0.11.6
[1m[92m  Downloaded[0m crossbeam-utils v0.8.21
[1m[92m  Downloaded[0m icu_provider v2.2.0
[1m[92m  Downloaded[0m indoc v2.0.7
[1m[92m  Downloaded[0m ipnet v2.12.0
[1m[92m  Downloaded[0m mio v1.2.0
[1m[92m  Downloaded[0m num-conv v0.2.1
[1m[92m  Downloaded[0m option-ext v0.2.0
[1m[92m  Downloaded[0m tower-http v0.6.8
[1m[92m  Downloaded[0m pkg-config v0.3.33
[1m[92m  Downloaded[0m tokio-util v0.7.18
[1m[92m  Downloaded[0m clap_builder v4.6.0
[1m[92m  Downloaded[0m log v0.4.29
[1m[92m  Downloaded[0m nu-ansi-term v0.50.3
[1m[92m  Downloaded[0m pin-project-lite v0.2.17
[1m[92m  Downloaded[0m ppv-lite86 v0.2.21
[1m[92m  Downloaded[0m ryu v1.0.23
[1m[92m  Downloaded[0m simd-adler32 v0.3.9
[1m[92m  Downloaded[0m lock_api v0.4.14
[1m[92m  Downloaded[0m axum v0.8.9
[1m[92m  Downloaded[0m itertools v0.13.0
[1m[92m  Downloaded[0m jsonwebtoken v9.3.1
[1m[92m  Downloaded[0m miniz_oxide v0.8.9
[1m[92m  Downloaded[0m num-bigint v0.4.6
[1m[92m  Downloaded[0m num-traits v0.2.19
[1m[92m  Downloaded[0m parking_lot v0.12.5
[1m[92m  Downloaded[0m winnow v0.7.15
[1m[92m  Downloaded[0m sysinfo v0.33.1
[1m[92m  Downloaded[0m aho-corasick v1.1.4
[1m[92m  Downloaded[0m deranged v0.5.8
[1m[92m  Downloaded[0m getrandom v0.2.17
[1m[92m  Downloaded[0m httparse v1.10.1
[1m[92m  Downloaded[0m smallvec v1.15.1
[1m[92m  Downloaded[0m tracing-subscriber v0.3.23
[1m[92m  Downloaded[0m darling v0.23.0
[1m[92m  Downloaded[0m getrandom v0.3.4
[1m[92m  Downloaded[0m getrandom v0.4.2
[1m[92m  Downloaded[0m memchr v2.8.0
[1m[92m  Downloaded[0m once_cell v1.21.4
[1m[92m  Downloaded[0m rustls-webpki v0.103.13
[1m[92m  Downloaded[0m signal-hook v0.3.18
[1m[92m  Downloaded[0m time v0.3.47
[1m[92m  Downloaded[0m vcpkg v0.2.15
[1m[92m  Downloaded[0m indexmap v2.14.0
[1m[92m  Downloaded[0m chrono v0.4.44
[1m[92m  Downloaded[0m icu_properties_data v2.2.0
[1m[92m  Downloaded[0m futures v0.3.32
[1m[92m  Downloaded[0m unicode-width v0.1.14
[1m[92m  Downloaded[0m unicode-width v0.2.0
[1m[92m  Downloaded[0m zerocopy v0.8.48
[1m[92m  Downloaded[0m iri-string v0.7.12
[1m[92m  Downloaded[0m serde_core v1.0.228
[1m[92m  Downloaded[0m socket2 v0.6.3
[1m[92m  Downloaded[0m serde_derive v1.0.228
[1m[92m  Downloaded[0m rayon-core v1.13.0
[1m[92m  Downloaded[0m serde v1.0.228
[1m[92m  Downloaded[0m snafu v0.8.9
[1m[92m  Downloaded[0m darling_core v0.23.0
[1m[92m  Downloaded[0m proc-macro2 v1.0.106
[1m[92m  Downloaded[0m sharded-slab v0.1.7
[1m[92m  Downloaded[0m tracing v0.1.44
[1m[92m  Downloaded[0m flate2 v1.1.9
[1m[92m  Downloaded[0m hyper-util v0.1.20
[1m[92m  Downloaded[0m icu_collections v2.2.0
[1m[92m  Downloaded[0m http v1.4.0
[1m[92m  Downloaded[0m crossterm v0.28.1
[1m[92m  Downloaded[0m reqwest v0.12.28
[1m[92m  Downloaded[0m octocrab v0.44.1
[1m[92m  Downloaded[0m serde_json v1.0.149
[1m[92m  Downloaded[0m hashbrown v0.17.0
[1m[92m  Downloaded[0m libc v0.2.186
[1m[92m  Downloaded[0m tokio v1.52.1
[1m[92m  Downloaded[0m h2 v0.4.13
[1m[92m  Downloaded[0m hyper v1.9.0
[1m[92m  Downloaded[0m idna v1.1.0
[1m[92m  Downloaded[0m hashbrown v0.15.5
[1m[92m  Downloaded[0m futures-util v0.3.32
[1m[92m  Downloaded[0m rayon v1.12.0
[1m[92m  Downloaded[0m regex-syntax v0.8.10
[1m[92m  Downloaded[0m rustls v0.23.40
[1m[92m  Downloaded[0m openssl v0.10.78
[1m[92m  Downloaded[0m rustix v1.1.4
[1m[92m  Downloaded[0m rustix v0.38.44
[1m[92m  Downloaded[0m linux-raw-sys v0.4.15
[1m[92m  Downloaded[0m linux-raw-sys v0.12.1
[1m[92m  Downloaded[0m ratatui v0.29.0
[1m[92m  Downloaded[0m regex-automata v0.4.14
[1m[92m  Downloaded[0m encoding_rs v0.8.35
[1m[92m  Downloaded[0m ring v0.17.14
[1m[92m   Compiling[0m proc-macro2 v1.0.106
[1m[92m   Compiling[0m quote v1.0.45
[1m[92m   Compiling[0m unicode-ident v1.0.24
[1m[92m   Compiling[0m libc v0.2.186
[1m[92m   Compiling[0m cfg-if v1.0.4
[1m[92m   Compiling[0m log v0.4.29
[1m[92m   Compiling[0m smallvec v1.15.1
[1m[92m   Compiling[0m itoa v1.0.18
[1m[92m   Compiling[0m pin-project-lite v0.2.17
[1m[92m   Compiling[0m bytes v1.11.1
[1m[92m   Compiling[0m parking_lot_core v0.9.12
[1m[92m   Compiling[0m once_cell v1.21.4
[1m[92m   Compiling[0m syn v2.0.117
[1m[92m   Compiling[0m memchr v2.8.0
[1m[92m   Compiling[0m futures-core v0.3.32
[1m[92m   Compiling[0m scopeguard v1.2.0
[1m[92m   Compiling[0m lock_api v0.4.14
[1m[92m   Compiling[0m errno v0.3.14
[1m[92m   Compiling[0m signal-hook-registry v1.4.8
[1m[92m   Compiling[0m mio v1.2.0
[1m[92m   Compiling[0m parking_lot v0.12.5
[1m[92m   Compiling[0m futures-sink v0.3.32
[1m[92m   Compiling[0m futures-channel v0.3.32
[1m[92m   Compiling[0m socket2 v0.6.3
[1m[92m   Compiling[0m futures-io v0.3.32
[1m[92m   Compiling[0m futures-task v0.3.32
[1m[92m   Compiling[0m slab v0.4.12
[1m[92m   Compiling[0m http v1.4.0
[1m[92m   Compiling[0m serde_core v1.0.228
[1m[92m   Compiling[0m equivalent v1.0.2
[1m[92m   Compiling[0m tracing-core v0.1.36
[1m[92m   Compiling[0m httparse v1.10.1
[1m[92m   Compiling[0m serde v1.0.228
[1m[92m   Compiling[0m hashbrown v0.17.0
[1m[92m   Compiling[0m version_check v0.9.5
[1m[92m   Compiling[0m indexmap v2.14.0
[1m[92m   Compiling[0m bitflags v2.11.1
[1m[92m   Compiling[0m generic-array v0.14.7
[1m[92m   Compiling[0m http-body v1.0.1
[1m[92m   Compiling[0m thiserror v2.0.18
[1m[92m   Compiling[0m getrandom v0.3.4
[1m[92m   Compiling[0m percent-encoding v2.3.2
[1m[92m   Compiling[0m typenum v1.20.0
[1m[92m   Compiling[0m tower-service v0.3.3
[1m[92m   Compiling[0m zerocopy v0.8.48
[1m[92m   Compiling[0m autocfg v1.5.0
[1m[92m   Compiling[0m base64 v0.22.1
[1m[92m   Compiling[0m shlex v1.3.0
[1m[92m   Compiling[0m fnv v1.0.7
[1m[92m   Compiling[0m rustversion v1.0.22
[1m[92m   Compiling[0m find-msvc-tools v0.1.9
[1m[92m   Compiling[0m atomic-waker v1.1.2
[1m[92m   Compiling[0m try-lock v0.2.5
[1m[92m   Compiling[0m want v0.3.1
[1m[92m   Compiling[0m cc v1.2.61
[1m[92m   Compiling[0m num-traits v0.2.19
[1m[92m   Compiling[0m heck v0.5.0
[1m[92m   Compiling[0m futures-macro v0.3.32
[1m[92m   Compiling[0m tokio-macros v2.7.0
[1m[92m   Compiling[0m tokio v1.52.1
[1m[92m   Compiling[0m futures-util v0.3.32
[1m[92m   Compiling[0m tracing-attributes v0.1.31
[1m[92m   Compiling[0m tracing v0.1.44
[1m[92m   Compiling[0m serde_derive v1.0.228
[1m[92m   Compiling[0m thiserror-impl v2.0.18
[1m[92m   Compiling[0m httpdate v1.0.3
[1m[92m   Compiling[0m ppv-lite86 v0.2.21
[1m[92m   Compiling[0m rand_core v0.9.5
[1m[92m   Compiling[0m block-buffer v0.10.4
[1m[92m   Compiling[0m crypto-common v0.1.7
[1m[92m   Compiling[0m ipnet v2.12.0
[1m[92m   Compiling[0m zmij v1.0.21
[1m[92m   Compiling[0m strsim v0.11.1
[1m[92m   Compiling[0m tokio-util v0.7.18
[1m[92m   Compiling[0m h2 v0.4.13
[1m[92m   Compiling[0m digest v0.10.7
[1m[92m   Compiling[0m rand_chacha v0.9.0
[1m[92m   Compiling[0m synstructure v0.13.2
[1m[92m   Compiling[0m sync_wrapper v1.0.2
[1m[92m   Compiling[0m cpufeatures v0.2.17
[1m[92m   Compiling[0m tower-layer v0.3.3
[1m[92m   Compiling[0m either v1.15.0
[1m[92m   Compiling[0m ryu v1.0.23
[1m[92m   Compiling[0m serde_json v1.0.149
[1m[92m   Compiling[0m sha1 v0.10.6
[1m[92m   Compiling[0m rand v0.9.4
[1m[92m   Compiling[0m http-body-util v0.1.3
[1m[92m   Compiling[0m data-encoding v2.11.0
[1m[92m   Compiling[0m zerofrom-derive v0.1.7
[1m[92m   Compiling[0m tower v0.5.3
[1m[92m   Compiling[0m utf8parse v0.2.2
[1m[92m   Compiling[0m option-ext v0.2.0
[1m[92m   Compiling[0m anstyle-parse v1.0.0
[1m[92m   Compiling[0m yoke-derive v0.8.2
[1m[92m   Compiling[0m form_urlencoded v1.2.2
[1m[92m   Compiling[0m zerofrom v0.1.7
[1m[92m   Compiling[0m stable_deref_trait v1.2.1
[1m[92m   Compiling[0m colorchoice v1.0.5
[1m[92m   Compiling[0m is_terminal_polyfill v1.70.2
[1m[92m   Compiling[0m regex-syntax v0.8.10
[1m[92m   Compiling[0m anstyle-query v1.1.5
[1m[92m   Compiling[0m hyper v1.9.0
[1m[92m   Compiling[0m anstyle v1.0.14
[1m[92m   Compiling[0m anstream v1.0.0
[1m[92m   Compiling[0m regex-automata v0.4.14
[1m[92m   Compiling[0m hyper-util v0.1.20
[1m[92m   Compiling[0m yoke v0.8.2
[1m[92m   Compiling[0m futures-executor v0.3.32
[1m[92m   Compiling[0m anyhow v1.0.102
[1m[92m   Compiling[0m lazy_static v1.5.0
[1m[92m   Compiling[0m iana-time-zone v0.1.65
[1m[92m   Compiling[0m clap_lex v1.1.0
[1m[92m   Compiling[0m getrandom v0.4.2
[1m[92m   Compiling[0m clap_builder v4.6.0
[1m[92m   Compiling[0m chrono v0.4.44
[1m[92m   Compiling[0m matchers v0.2.0
[1m[92m   Compiling[0m sharded-slab v0.1.7
[1m[92m   Compiling[0m futures v0.3.32
[1m[92m   Compiling[0m serde_urlencoded v0.7.1
[1m[92m   Compiling[0m clap_derive v4.6.1
[1m[92m   Compiling[0m displaydoc v0.2.5
[1m[92m   Compiling[0m zerovec-derive v0.11.3
[1m[92m   Compiling[0m tracing-log v0.2.0
[1m[92m   Compiling[0m thread_local v1.1.9
[1m[92m   Compiling[0m nu-ansi-term v0.50.3
[1m[92m   Compiling[0m mime v0.3.17
[1m[92m   Compiling[0m tracing-subscriber v0.3.23
[1m[92m   Compiling[0m zerovec v0.11.6
[1m[92m   Compiling[0m clap v4.6.1
[1m[92m   Compiling[0m tungstenite v0.29.0
[1m[92m   Compiling[0m serde_path_to_error v0.1.20
[1m[92m   Compiling[0m axum-core v0.5.6
[1m[92m   Compiling[0m matchit v0.8.4
[1m[92m   Compiling[0m tokio-tungstenite v0.29.0
[1m[92m   Compiling[0m rustix v1.1.4
[1m[92m   Compiling[0m vcpkg v0.2.15
[1m[92m   Compiling[0m signal-hook v0.3.18
[1m[92m   Compiling[0m linux-raw-sys v0.12.1
[1m[92m   Compiling[0m ident_case v1.0.1
[1m[92m   Compiling[0m pkg-config v0.3.33
[1m[92m   Compiling[0m darling_core v0.23.0
[1m[92m   Compiling[0m axum v0.8.9
[1m[92m   Compiling[0m openssl-sys v0.9.114
[1m[92m   Compiling[0m tinystr v0.8.3
[1m[92m   Compiling[0m ring v0.17.14
[1m[92m   Compiling[0m litemap v0.8.2
[1m[92m   Compiling[0m zeroize v1.8.2
[1m[92m   Compiling[0m rustix v0.38.44
[1m[92m   Compiling[0m fastrand v2.4.1
[1m[92m   Compiling[0m writeable v0.6.3
[1m[92m   Compiling[0m icu_locale_core v2.2.0
[1m[92m   Compiling[0m tempfile v3.27.0
[1m[92m   Compiling[0m darling_macro v0.23.0
[1m[92m   Compiling[0m potential_utf v0.1.5
[1m[92m   Compiling[0m zerotrie v0.2.4
[1m[92m   Compiling[0m utf8_iter v1.0.4
[1m[92m   Compiling[0m linux-raw-sys v0.4.15
[1m[92m   Compiling[0m icu_normalizer_data v2.2.0
[1m[92m   Compiling[0m allocator-api2 v0.2.21
[1m[92m   Compiling[0m foldhash v0.1.5
[1m[92m   Compiling[0m paste v1.0.15
[1m[92m   Compiling[0m icu_properties_data v2.2.0
[1m[92m   Compiling[0m instability v0.3.12
[1m[92m   Compiling[0m hashbrown v0.15.5
[1m[92m   Compiling[0m icu_provider v2.2.0
[1m[92m   Compiling[0m icu_collections v2.2.0
[1m[92m   Compiling[0m signal-hook-mio v0.2.5
[1m[92m   Compiling[0m darling v0.23.0
[1m[92m   Compiling[0m rustls-pki-types v1.14.1
[1m[92m   Compiling[0m itertools v0.13.0
[1m[92m   Compiling[0m strum_macros v0.26.4
[1m[92m   Compiling[0m castaway v0.2.4
[1m[92m   Compiling[0m getrandom v0.2.17
[1m[92m   Compiling[0m unicode-segmentation v1.13.2
[1m[92m   Compiling[0m unicode-width v0.1.14
[1m[92m   Compiling[0m untrusted v0.9.0
[1m[92m   Compiling[0m utf-8 v0.7.6
[1m[92m   Compiling[0m static_assertions v1.1.0
[1m[92m   Compiling[0m crossbeam-utils v0.8.21
[1m[92m   Compiling[0m openssl-probe v0.2.1
[1m[92m   Compiling[0m indoc v2.0.7
[1m[92m   Compiling[0m unicode-truncate v1.1.0
[1m[92m   Compiling[0m tungstenite v0.26.2
[1m[92m   Compiling[0m compact_str v0.8.1
[1m[92m   Compiling[0m crossterm v0.28.1
[1m[92m   Compiling[0m strum v0.26.3
[1m[92m   Compiling[0m lru v0.12.5
[1m[92m   Compiling[0m dirs-sys v0.4.1
[1m[92m   Compiling[0m foreign-types-shared v0.1.1
[1m[92m   Compiling[0m cassowary v0.3.0
[1m[92m   Compiling[0m unicode-width v0.2.0
[1m[92m   Compiling[0m openssl v0.10.78
[1m[92m   Compiling[0m ratatui v0.29.0
[1m[92m   Compiling[0m foreign-types v0.3.2
[1m[92m   Compiling[0m dirs v5.0.1
[1m[92m   Compiling[0m icu_properties v2.2.0
[1m[92m   Compiling[0m icu_normalizer v2.2.0
[1m[92m   Compiling[0m tokio-tungstenite v0.26.2
[1m[92m   Compiling[0m openssl-macros v0.1.1
[1m[92m   Compiling[0m which v8.0.2
[1m[92m   Compiling[0m time-core v0.1.8
[1m[92m   Compiling[0m crc32fast v1.5.0
[1m[92m   Compiling[0m rustls v0.23.40
[1m[92m   Compiling[0m native-tls v0.2.18
[1m[92m   Compiling[0m powerfmt v0.2.0
[1m[92m   Compiling[0m num-conv v0.2.1
[1m[92m   Compiling[0m deranged v0.5.8
[1m[92m   Compiling[0m time-macros v0.2.27
[1m[92m   Compiling[0m homerun v0.8.4 (/home/runner/work/homerun/homerun/crates/tui)
[1m[92m   Compiling[0m crossbeam-epoch v0.9.18
[1m[92m   Compiling[0m idna_adapter v1.2.2
[1m[92m   Compiling[0m rustls-webpki v0.103.13
[1m[92m   Compiling[0m num-integer v0.1.46
[1m[92m   Compiling[0m simd-adler32 v0.3.9
[1m[92m   Compiling[0m subtle v2.6.1
[1m[92m   Compiling[0m rayon-core v1.13.0
[1m[92m   Compiling[0m num-bigint v0.4.6
[1m[92m   Compiling[0m idna v1.1.0
[1m[92m   Compiling[0m crossbeam-deque v0.8.6
[1m[92m   Compiling[0m time v0.3.47
[1m[92m   Compiling[0m iri-string v0.7.12
[1m[92m   Compiling[0m adler2 v2.0.1
[1m[92m   Compiling[0m miniz_oxide v0.8.9
[1m[92m   Compiling[0m tower-http v0.6.8
[1m[92m   Compiling[0m simple_asn1 v0.6.4
[1m[92m   Compiling[0m tokio-rustls v0.26.4
[1m[92m   Compiling[0m url v2.5.8
[1m[92m   Compiling[0m tokio-native-tls v0.3.1
[1m[92m   Compiling[0m rustls-native-certs v0.8.3
[1m[92m   Compiling[0m serde_spanned v0.6.9
[1m[92m   Compiling[0m toml_datetime v0.6.11
[1m[92m   Compiling[0m snafu-derive v0.8.9
[1m[92m   Compiling[0m pin-project-internal v1.1.11
[1m[92m   Compiling[0m pem v3.0.6
[1m[92m   Compiling[0m bumpalo v3.20.2
[1m[92m   Compiling[0m toml_write v0.1.2
[1m[92m   Compiling[0m winnow v0.7.15
[1m[92m   Compiling[0m zip v2.4.2
[1m[92m   Compiling[0m zopfli v0.8.3
[1m[92m   Compiling[0m pin-project v1.1.11
[1m[92m   Compiling[0m jsonwebtoken v9.3.1
[1m[92m   Compiling[0m hyper-rustls v0.27.9
[1m[92m   Compiling[0m snafu v0.8.9
[1m[92m   Compiling[0m hyper-tls v0.6.0
[1m[92m   Compiling[0m rayon v1.12.0
[1m[92m   Compiling[0m flate2 v1.1.9
[1m[92m   Compiling[0m test-utils v0.8.4 (/home/runner/work/homerun/homerun/crates/test-utils)
[1m[91merror[E0560][0m[1m: struct `RunnerConfig` has no field named `display_name`[0m
   [1m[94m--> [0mcrates/test-utils/src/routes.rs:104:13
    [1m[94m|[0m
[1m[94m104[0m [1m[94m|[0m             display_name: None,
    [1m[94m|[0m             [1m[91m^^^^^^^^^^^^[0m [1m[91m`RunnerConfig` does not have this field[0m
    [1m[94m|[0m
    [1m[94m= [0m[1mnote[0m: all struct fields are already assigned

[1m[92m   Compiling[0m toml_edit v0.22.27
[1mFor more information about this error, try `rustc --explain E0560`.[0m
[1m[91merror[0m: could not compile `test-utils` (lib) due to 1 previous error
[1m[33mwarning[0m: build failed, waiting for other jobs to finish...
